// Jest Snapshot v1, https://goo.gl/fbAQLP

exports[`Pruebas en <GifGridItem/> debe de mostrar el <GifGridItem/> Correctamente  1`] = `
<div
  className="card animate__animated animate__fadeIn"
>
  <img
    alt="Ejemplo titulo"
    src="https://localhost/algo.jpg"
  />
  <p>
    Ejemplo titulo
  </p>
</div>
`;
